// Jest Snapshot v1, https://goo.gl/fbAQLP

exports[`<Main /> should render the heading 1`] = `
<main
  class="styles__Wrapper-sc-1nfdwfb-0 fepNnE"
>
  <img
    alt="Imagem de um átomo e React Avançado escrito ao lado."
    class="styles__Logo-sc-1nfdwfb-1 csWgAz"
    src="/img/logo.svg"
  />
  <h1
    class="styles__Title-sc-1nfdwfb-2 kxLppZ"
  >
    React Avançado
  </h1>
  <h2
    class="styles__Description-sc-1nfdwfb-3 gbiEmi"
  >
    Typescript, ReactJS, NextJS e Styled Components
  </h2>
  <img
    alt="Um desenvolvedor de frente para uma tela com código."
    class="styles__Illustration-sc-1nfdwfb-4 kqczPL"
    src="/img/hero-illustration.svg"
  />
</main>
`
